
> backend@1.0.0 test
> jest

  console.log
    [dotenv@17.2.3] injecting env (7) from .env.test -- tip: ⚙️  write to custom object with { processEnv: myObject }

      at _log (node_modules/.pnpm/dotenv@17.2.3/node_modules/dotenv/lib/main.js:142:11)

  console.log
    [dotenv@17.2.3] injecting env (29) from .env -- tip: ✅ audit secrets and track compliance: https://dotenvx.com/ops

      at _log (node_modules/.pnpm/dotenv@17.2.3/node_modules/dotenv/lib/main.js:142:11)

  console.log
    Test database connection has been established successfully.

      at Object.log (tests/setup.js:20:17)

  console.log
    Test database schema synced successfully.

      at Object.log (tests/setup.js:31:17)

  console.error
    Rate Limiter Error: Table is not created yet

      57 |         if (rejRes instanceof Error) {
      58 |             // DB Error or similar
    > 59 |             console.error('Rate Limiter Error:', rejRes.message);
         |                     ^
      60 |             next();
      61 |         } else if (rejRes.msBeforeNext !== undefined) {
      62 |             // Rate limit triggered

      at error (src/middleware/rateLimiter.js:59:21)

2026-03-12 00:19:45 [32minfo[39m: ::ffff:127.0.0.1 - - [11/Mar/2026:18:49:45 +0000] "POST /api/v1/auth/login HTTP/1.1" 404 46 "-" "-" 
2026-03-12 00:19:45 [32minfo[39m: ::ffff:127.0.0.1 - - [11/Mar/2026:18:49:45 +0000] "POST /api/v1/auth/login HTTP/1.1" 404 46 "-" "-" 
2026-03-12 00:19:45 [32minfo[39m: ::ffff:127.0.0.1 - - [11/Mar/2026:18:49:45 +0000] "POST /api/v1/auth/login HTTP/1.1" 404 46 "-" "-" 
FAIL tests/auth.test.js
  Authentication & Authorization Tests
    POST /api/v1/auth/login
      ✕ should login successfully with correct credentials (221 ms)
      ✕ should fail to login with incorrect password (153 ms)
      ✕ should fail to login with non-existent email (154 ms)

  ● Authentication & Authorization Tests › POST /api/v1/auth/login › should login successfully with correct credentials

    expect(received).toBe(expected) // Object.is equality

    Expected: 200
    Received: 404

      82 |                 });
      83 |
    > 84 |             expect(response.status).toBe(200);
         |                                     ^
      85 |             expect(response.body.success).toBe(true);
      86 |             expect(response.body).toHaveProperty('token');
      87 |             expect(response.body.user).toHaveProperty('email', 'testadmin@example.com');

      at Object.toBe (tests/auth.test.js:84:37)

  ● Authentication & Authorization Tests › POST /api/v1/auth/login › should fail to login with incorrect password

    expect(received).toBe(expected) // Object.is equality

    Expected: 400
    Received: 404

       96 |                 });
       97 |
    >  98 |             expect(response.status).toBe(400); // Or 401 depending on your implementation
          |                                     ^
       99 |             expect(response.body.success).toBe(false);
      100 |             expect(response.body).toHaveProperty('message');
      101 |         });

      at Object.toBe (tests/auth.test.js:98:37)

  ● Authentication & Authorization Tests › POST /api/v1/auth/login › should fail to login with non-existent email

    expect(received).toBe(expected) // Object.is equality

    Expected: 400
    Received: 404

      109 |                 });
      110 |
    > 111 |             expect(response.status).toBe(400); // Or 401, 404
          |                                     ^
      112 |             expect(response.body.success).toBe(false);
      113 |         });
      114 |     });

      at Object.toBe (tests/auth.test.js:111:37)

Test Suites: 1 failed, 1 total
Tests:       3 failed, 3 total
Snapshots:   0 total
Time:        4.227 s, estimated 19 s
Ran all test suites.
Jest did not exit one second after the test run has completed.

'This usually means that there are asynchronous operations that weren't stopped in your tests. Consider running Jest with `--detectOpenHandles` to troubleshoot this issue.
